  姝ｅ湪纭畾瑕佽繕鍘熺殑椤圭洰鈥?
  鎵€鏈夐」鐩潎鏄渶鏂扮殑锛屾棤娉曡繕鍘熴€?
  Bulwark.Core -> D:\鏂板缓鏂囦欢澶?(3)\Bulwark.Core\bin\Release\net8.0\Bulwark.Core.dll
  Bulwark.Core.Tests -> D:\鏂板缓鏂囦欢澶?(3)\Bulwark.Core.Tests\bin\Release\net8.0\Bulwark.Core.Tests.dll
D:\鏂板缓鏂囦欢澶?%283%29\Bulwark.Core.Tests\bin\Release\net8.0\Bulwark.Core.Tests.dll (.NETCoreApp,Version=v8.0)鐨勬祴璇曡繍琛?
鎬诲叡 1 涓祴璇曟枃浠朵笌鎸囧畾妯″紡鐩稿尮閰嶃€?

宸查€氳繃! - 澶辫触:     0锛岄€氳繃:   195锛屽凡璺宠繃:     0锛屾€昏:   195锛屾寔缁椂闂? 44 ms - Bulwark.Core.Tests.dll (net8.0)
